// Vitest Snapshot v1, https://vitest.dev/guide/snapshot.html

exports[`accountOracle > getAccountOracle 1`] = `
[
  "0x00",
  "0x00",
  "0x00",
  "0x00",
  "0x00",
  "0x00",
  "0x00",
  "0x00",
  "0x00",
  "0x00",
  "0x00",
  "0x00",
  "0x00",
  "0x00",
  "0x00",
  "0x00",
  "0x00",
  "0x00",
  "0x00",
  "0x00",
  "0x00",
  "0x00",
  "0x00",
  "0x00",
  "0x00",
  "0x00",
  "0x00",
  "0x00",
  "0x00",
  "0x00",
  "0x00",
  "0x00",
  "0x00",
  "0x00",
  "0x06",
  "0xe1",
  "0x20",
  "0xc2",
  "0xc3",
  "0x54",
  "0x7c",
  "0x60",
  "0xee",
  "0x47",
  "0xf7",
  "0x12",
  "0xd3",
  "0x2e",
  "0x5a",
  "0xcf",
  "0x38",
  "0xb3",
  "0x5d",
  "0x1c",
  "0xc6",
  "0x2e",
  "0x23",
  "0xb0",
  "0x55",
  "0xa6",
  "0x9b",
  "0xb8",
  "0x82",
  "0x84",
  "0xc2",
  "0x81",
]
`;

exports[`accountOracle > getAccountOracle 2`] = `
[
  "0x00",
  "0x00",
  "0x00",
  "0x00",
  "0x00",
  "0x00",
  "0x00",
  "0x00",
  "0x00",
  "0x00",
  "0x00",
  "0x00",
  "0x00",
  "0x00",
  "0x00",
  "0x00",
  "0x00",
  "0x00",
  "0x00",
  "0x00",
  "0x00",
  "0x00",
  "0x00",
  "0x00",
  "0x00",
  "0x00",
  "0x00",
  "0x00",
  "0xf8",
  "0x50",
  "0x82",
  "0x02",
  "0xcb",
  "0x8a",
  "0x01",
  "0x9c",
  "0x54",
  "0xc1",
  "0xcc",
  "0x8b",
  "0x1a",
  "0xd5",
  "0x99",
  "0x4d",
  "0xa0",
  "0x56",
  "0xe8",
  "0x1f",
  "0x17",
  "0x1b",
  "0xcc",
  "0x55",
  "0xa6",
  "0xff",
  "0x83",
  "0x45",
  "0xe6",
  "0x92",
  "0xc0",
  "0xf8",
  "0x6e",
  "0x5b",
  "0x48",
  "0xe0",
  "0x1b",
  "0x99",
  "0x6c",
  "0xad",
  "0xc0",
  "0x01",
  "0x62",
  "0x2f",
  "0xb5",
  "0xe3",
  "0x63",
  "0xb4",
  "0x21",
  "0xa0",
  "0xc5",
  "0xd2",
  "0x46",
  "0x01",
  "0x86",
  "0xf7",
  "0x23",
  "0x3c",
  "0x92",
  "0x7e",
  "0x7d",
  "0xb2",
  "0xdc",
  "0xc7",
  "0x03",
  "0xc0",
  "0xe5",
  "0x00",
  "0xb6",
  "0x53",
  "0xca",
  "0x82",
  "0x27",
  "0x3b",
  "0x7b",
  "0xfa",
  "0xd8",
  "0x04",
  "0x5d",
  "0x85",
  "0xa4",
  "0x70",
]
`;
